Archive member included to satisfy reference by file (symbol)

d:/toolchain/bin/../lib/gcc/arm-none-eabi/7.3.1/../../../../arm-none-eabi/lib/thumb/v7e-m/fpv4-sp/hard\libg_nano.a(lib_a-exit.o)
                              d:/toolchain/bin/../lib/gcc/arm-none-eabi/7.3.1/../../../../arm-none-eabi/lib/thumb/v7e-m/fpv4-sp/hard/crt0.o (exit)
d:/toolchain/bin/../lib/gcc/arm-none-eabi/7.3.1/../../../../arm-none-eabi/lib/thumb/v7e-m/fpv4-sp/hard\libg_nano.a(lib_a-impure.o)
                              d:/toolchain/bin/../lib/gcc/arm-none-eabi/7.3.1/../../../../arm-none-eabi/lib/thumb/v7e-m/fpv4-sp/hard\libg_nano.a(lib_a-exit.o) (_global_impure_ptr)
d:/toolchain/bin/../lib/gcc/arm-none-eabi/7.3.1/../../../../arm-none-eabi/lib/thumb/v7e-m/fpv4-sp/hard\libg_nano.a(lib_a-init.o)
                              d:/toolchain/bin/../lib/gcc/arm-none-eabi/7.3.1/../../../../arm-none-eabi/lib/thumb/v7e-m/fpv4-sp/hard/crt0.o (__libc_init_array)
d:/toolchain/bin/../lib/gcc/arm-none-eabi/7.3.1/../../../../arm-none-eabi/lib/thumb/v7e-m/fpv4-sp/hard\libg_nano.a(lib_a-memset.o)
                              d:/toolchain/bin/../lib/gcc/arm-none-eabi/7.3.1/../../../../arm-none-eabi/lib/thumb/v7e-m/fpv4-sp/hard/crt0.o (memset)

Discarded input sections

 .text          0x00000000        0x0 d:/toolchain/bin/../lib/gcc/arm-none-eabi/7.3.1/thumb/v7e-m/fpv4-sp/hard/crti.o
 .data          0x00000000        0x0 d:/toolchain/bin/../lib/gcc/arm-none-eabi/7.3.1/thumb/v7e-m/fpv4-sp/hard/crti.o
 .bss           0x00000000        0x0 d:/toolchain/bin/../lib/gcc/arm-none-eabi/7.3.1/thumb/v7e-m/fpv4-sp/hard/crti.o
 .text          0x00000000       0x40 d:/toolchain/bin/../lib/gcc/arm-none-eabi/7.3.1/thumb/v7e-m/fpv4-sp/hard/crtbegin.o
 .data          0x00000000        0x4 d:/toolchain/bin/../lib/gcc/arm-none-eabi/7.3.1/thumb/v7e-m/fpv4-sp/hard/crtbegin.o
 .bss           0x00000000       0x1c d:/toolchain/bin/../lib/gcc/arm-none-eabi/7.3.1/thumb/v7e-m/fpv4-sp/hard/crtbegin.o
 .init_array    0x00000000        0x4 d:/toolchain/bin/../lib/gcc/arm-none-eabi/7.3.1/thumb/v7e-m/fpv4-sp/hard/crtbegin.o
 .fini_array    0x00000000        0x4 d:/toolchain/bin/../lib/gcc/arm-none-eabi/7.3.1/thumb/v7e-m/fpv4-sp/hard/crtbegin.o
 .eh_frame      0x00000000        0x0 d:/toolchain/bin/../lib/gcc/arm-none-eabi/7.3.1/thumb/v7e-m/fpv4-sp/hard/crtbegin.o
 .ARM.attributes
                0x00000000       0x34 d:/toolchain/bin/../lib/gcc/arm-none-eabi/7.3.1/thumb/v7e-m/fpv4-sp/hard/crtbegin.o
 .text          0x00000000       0x74 d:/toolchain/bin/../lib/gcc/arm-none-eabi/7.3.1/../../../../arm-none-eabi/lib/thumb/v7e-m/fpv4-sp/hard/crt0.o
 .data          0x00000000        0x0 d:/toolchain/bin/../lib/gcc/arm-none-eabi/7.3.1/../../../../arm-none-eabi/lib/thumb/v7e-m/fpv4-sp/hard/crt0.o
 .bss           0x00000000        0x0 d:/toolchain/bin/../lib/gcc/arm-none-eabi/7.3.1/../../../../arm-none-eabi/lib/thumb/v7e-m/fpv4-sp/hard/crt0.o
 .ARM.extab     0x00000000        0x0 d:/toolchain/bin/../lib/gcc/arm-none-eabi/7.3.1/../../../../arm-none-eabi/lib/thumb/v7e-m/fpv4-sp/hard/crt0.o
 .ARM.exidx     0x00000000        0x8 d:/toolchain/bin/../lib/gcc/arm-none-eabi/7.3.1/../../../../arm-none-eabi/lib/thumb/v7e-m/fpv4-sp/hard/crt0.o
 .ARM.attributes
                0x00000000       0x20 d:/toolchain/bin/../lib/gcc/arm-none-eabi/7.3.1/../../../../arm-none-eabi/lib/thumb/v7e-m/fpv4-sp/hard/crt0.o
 .group         0x00000000        0xc _build/helloWorld/main.c.o
 .group         0x00000000        0xc _build/helloWorld/main.c.o
 .group         0x00000000        0xc _build/helloWorld/main.c.o
 .group         0x00000000        0xc _build/helloWorld/main.c.o
 .group         0x00000000        0xc _build/helloWorld/main.c.o
 .group         0x00000000        0xc _build/helloWorld/main.c.o
 .group         0x00000000        0xc _build/helloWorld/main.c.o
 .text          0x00000000        0x0 _build/helloWorld/main.c.o
 .data          0x00000000        0x0 _build/helloWorld/main.c.o
 .bss           0x00000000        0x0 _build/helloWorld/main.c.o
 .group         0x00000000        0xc _build/helloWorld/startup.c.o
 .group         0x00000000        0xc _build/helloWorld/startup.c.o
 .group         0x00000000        0xc _build/helloWorld/startup.c.o
 .group         0x00000000        0xc _build/helloWorld/startup.c.o
 .group         0x00000000        0xc _build/helloWorld/startup.c.o
 .group         0x00000000        0xc _build/helloWorld/startup.c.o
 .group         0x00000000        0xc _build/helloWorld/startup.c.o
 .text          0x00000000        0x0 _build/helloWorld/startup.c.o
 .data          0x00000000        0x0 _build/helloWorld/startup.c.o
 .bss           0x00000000        0x0 _build/helloWorld/startup.c.o
 .debug_macro   0x00000000      0xa48 _build/helloWorld/startup.c.o
 .debug_macro   0x00000000       0x22 _build/helloWorld/startup.c.o
 .debug_macro   0x00000000       0x8e _build/helloWorld/startup.c.o
 .debug_macro   0x00000000       0x51 _build/helloWorld/startup.c.o
 .debug_macro   0x00000000       0xef _build/helloWorld/startup.c.o
 .debug_macro   0x00000000       0x6a _build/helloWorld/startup.c.o
 .debug_macro   0x00000000      0x1df _build/helloWorld/startup.c.o
 .text          0x00000000        0x0 d:/toolchain/bin/../lib/gcc/arm-none-eabi/7.3.1/../../../../arm-none-eabi/lib/thumb/v7e-m/fpv4-sp/hard\libg_nano.a(lib_a-exit.o)
 .data          0x00000000        0x0 d:/toolchain/bin/../lib/gcc/arm-none-eabi/7.3.1/../../../../arm-none-eabi/lib/thumb/v7e-m/fpv4-sp/hard\libg_nano.a(lib_a-exit.o)
 .bss           0x00000000        0x0 d:/toolchain/bin/../lib/gcc/arm-none-eabi/7.3.1/../../../../arm-none-eabi/lib/thumb/v7e-m/fpv4-sp/hard\libg_nano.a(lib_a-exit.o)
 .text.exit     0x00000000       0x28 d:/toolchain/bin/../lib/gcc/arm-none-eabi/7.3.1/../../../../arm-none-eabi/lib/thumb/v7e-m/fpv4-sp/hard\libg_nano.a(lib_a-exit.o)
 .debug_frame   0x00000000       0x28 d:/toolchain/bin/../lib/gcc/arm-none-eabi/7.3.1/../../../../arm-none-eabi/lib/thumb/v7e-m/fpv4-sp/hard\libg_nano.a(lib_a-exit.o)
 .ARM.attributes
                0x00000000       0x34 d:/toolchain/bin/../lib/gcc/arm-none-eabi/7.3.1/../../../../arm-none-eabi/lib/thumb/v7e-m/fpv4-sp/hard\libg_nano.a(lib_a-exit.o)
 .text          0x00000000        0x0 d:/toolchain/bin/../lib/gcc/arm-none-eabi/7.3.1/../../../../arm-none-eabi/lib/thumb/v7e-m/fpv4-sp/hard\libg_nano.a(lib_a-impure.o)
 .data          0x00000000        0x0 d:/toolchain/bin/../lib/gcc/arm-none-eabi/7.3.1/../../../../arm-none-eabi/lib/thumb/v7e-m/fpv4-sp/hard\libg_nano.a(lib_a-impure.o)
 .bss           0x00000000        0x0 d:/toolchain/bin/../lib/gcc/arm-none-eabi/7.3.1/../../../../arm-none-eabi/lib/thumb/v7e-m/fpv4-sp/hard\libg_nano.a(lib_a-impure.o)
 .data._impure_ptr
                0x00000000        0x4 d:/toolchain/bin/../lib/gcc/arm-none-eabi/7.3.1/../../../../arm-none-eabi/lib/thumb/v7e-m/fpv4-sp/hard\libg_nano.a(lib_a-impure.o)
 .data.impure_data
                0x00000000       0x60 d:/toolchain/bin/../lib/gcc/arm-none-eabi/7.3.1/../../../../arm-none-eabi/lib/thumb/v7e-m/fpv4-sp/hard\libg_nano.a(lib_a-impure.o)
 .rodata._global_impure_ptr
                0x00000000        0x4 d:/toolchain/bin/../lib/gcc/arm-none-eabi/7.3.1/../../../../arm-none-eabi/lib/thumb/v7e-m/fpv4-sp/hard\libg_nano.a(lib_a-impure.o)
 .ARM.attributes
                0x00000000       0x34 d:/toolchain/bin/../lib/gcc/arm-none-eabi/7.3.1/../../../../arm-none-eabi/lib/thumb/v7e-m/fpv4-sp/hard\libg_nano.a(lib_a-impure.o)
 .text          0x00000000        0x0 d:/toolchain/bin/../lib/gcc/arm-none-eabi/7.3.1/../../../../arm-none-eabi/lib/thumb/v7e-m/fpv4-sp/hard\libg_nano.a(lib_a-init.o)
 .data          0x00000000        0x0 d:/toolchain/bin/../lib/gcc/arm-none-eabi/7.3.1/../../../../arm-none-eabi/lib/thumb/v7e-m/fpv4-sp/hard\libg_nano.a(lib_a-init.o)
 .bss           0x00000000        0x0 d:/toolchain/bin/../lib/gcc/arm-none-eabi/7.3.1/../../../../arm-none-eabi/lib/thumb/v7e-m/fpv4-sp/hard\libg_nano.a(lib_a-init.o)
 .text.__libc_init_array
                0x00000000       0x48 d:/toolchain/bin/../lib/gcc/arm-none-eabi/7.3.1/../../../../arm-none-eabi/lib/thumb/v7e-m/fpv4-sp/hard\libg_nano.a(lib_a-init.o)
 .debug_frame   0x00000000       0x2c d:/toolchain/bin/../lib/gcc/arm-none-eabi/7.3.1/../../../../arm-none-eabi/lib/thumb/v7e-m/fpv4-sp/hard\libg_nano.a(lib_a-init.o)
 .ARM.attributes
                0x00000000       0x34 d:/toolchain/bin/../lib/gcc/arm-none-eabi/7.3.1/../../../../arm-none-eabi/lib/thumb/v7e-m/fpv4-sp/hard\libg_nano.a(lib_a-init.o)
 .text          0x00000000        0x0 d:/toolchain/bin/../lib/gcc/arm-none-eabi/7.3.1/../../../../arm-none-eabi/lib/thumb/v7e-m/fpv4-sp/hard\libg_nano.a(lib_a-memset.o)
 .data          0x00000000        0x0 d:/toolchain/bin/../lib/gcc/arm-none-eabi/7.3.1/../../../../arm-none-eabi/lib/thumb/v7e-m/fpv4-sp/hard\libg_nano.a(lib_a-memset.o)
 .bss           0x00000000        0x0 d:/toolchain/bin/../lib/gcc/arm-none-eabi/7.3.1/../../../../arm-none-eabi/lib/thumb/v7e-m/fpv4-sp/hard\libg_nano.a(lib_a-memset.o)
 .text.memset   0x00000000       0x10 d:/toolchain/bin/../lib/gcc/arm-none-eabi/7.3.1/../../../../arm-none-eabi/lib/thumb/v7e-m/fpv4-sp/hard\libg_nano.a(lib_a-memset.o)
 .debug_frame   0x00000000       0x20 d:/toolchain/bin/../lib/gcc/arm-none-eabi/7.3.1/../../../../arm-none-eabi/lib/thumb/v7e-m/fpv4-sp/hard\libg_nano.a(lib_a-memset.o)
 .ARM.attributes
                0x00000000       0x34 d:/toolchain/bin/../lib/gcc/arm-none-eabi/7.3.1/../../../../arm-none-eabi/lib/thumb/v7e-m/fpv4-sp/hard\libg_nano.a(lib_a-memset.o)
 .text          0x00000000        0x0 d:/toolchain/bin/../lib/gcc/arm-none-eabi/7.3.1/thumb/v7e-m/fpv4-sp/hard/crtend.o
 .data          0x00000000        0x0 d:/toolchain/bin/../lib/gcc/arm-none-eabi/7.3.1/thumb/v7e-m/fpv4-sp/hard/crtend.o
 .bss           0x00000000        0x0 d:/toolchain/bin/../lib/gcc/arm-none-eabi/7.3.1/thumb/v7e-m/fpv4-sp/hard/crtend.o
 .eh_frame      0x00000000        0x4 d:/toolchain/bin/../lib/gcc/arm-none-eabi/7.3.1/thumb/v7e-m/fpv4-sp/hard/crtend.o
 .ARM.attributes
                0x00000000       0x34 d:/toolchain/bin/../lib/gcc/arm-none-eabi/7.3.1/thumb/v7e-m/fpv4-sp/hard/crtend.o
 .text          0x00000000        0x0 d:/toolchain/bin/../lib/gcc/arm-none-eabi/7.3.1/thumb/v7e-m/fpv4-sp/hard/crtn.o
 .data          0x00000000        0x0 d:/toolchain/bin/../lib/gcc/arm-none-eabi/7.3.1/thumb/v7e-m/fpv4-sp/hard/crtn.o
 .bss           0x00000000        0x0 d:/toolchain/bin/../lib/gcc/arm-none-eabi/7.3.1/thumb/v7e-m/fpv4-sp/hard/crtn.o
 .init          0x00000000        0x8 d:/toolchain/bin/../lib/gcc/arm-none-eabi/7.3.1/thumb/v7e-m/fpv4-sp/hard/crtn.o
 .fini          0x00000000        0x8 d:/toolchain/bin/../lib/gcc/arm-none-eabi/7.3.1/thumb/v7e-m/fpv4-sp/hard/crtn.o
 .ARM.attributes
                0x00000000       0x22 d:/toolchain/bin/../lib/gcc/arm-none-eabi/7.3.1/thumb/v7e-m/fpv4-sp/hard/crtn.o

Memory Configuration

Name             Origin             Length             Attributes
CCMRAM           0x10000000         0x00010000         xrw
FLASH            0x08000000         0x00100000         xr
RAM              0x20000000         0x00020000         xrw
*default*        0x00000000         0xffffffff

Linker script and memory map

LOAD d:/toolchain/bin/../lib/gcc/arm-none-eabi/7.3.1/thumb/v7e-m/fpv4-sp/hard/crti.o
LOAD d:/toolchain/bin/../lib/gcc/arm-none-eabi/7.3.1/thumb/v7e-m/fpv4-sp/hard/crtbegin.o
LOAD d:/toolchain/bin/../lib/gcc/arm-none-eabi/7.3.1/../../../../arm-none-eabi/lib/thumb/v7e-m/fpv4-sp/hard/crt0.o
LOAD _build/helloWorld/main.c.o
LOAD _build/helloWorld/startup.c.o
START GROUP
LOAD d:/toolchain/bin/../lib/gcc/arm-none-eabi/7.3.1/thumb/v7e-m/fpv4-sp/hard\libgcc.a
LOAD d:/toolchain/bin/../lib/gcc/arm-none-eabi/7.3.1/../../../../arm-none-eabi/lib/thumb/v7e-m/fpv4-sp/hard\libg_nano.a
LOAD d:/toolchain/bin/../lib/gcc/arm-none-eabi/7.3.1/../../../../arm-none-eabi/lib/thumb/v7e-m/fpv4-sp/hard\libc_nano.a
END GROUP
START GROUP
LOAD d:/toolchain/bin/../lib/gcc/arm-none-eabi/7.3.1/thumb/v7e-m/fpv4-sp/hard\libgcc.a
LOAD d:/toolchain/bin/../lib/gcc/arm-none-eabi/7.3.1/../../../../arm-none-eabi/lib/thumb/v7e-m/fpv4-sp/hard\libc_nano.a
END GROUP
LOAD d:/toolchain/bin/../lib/gcc/arm-none-eabi/7.3.1/thumb/v7e-m/fpv4-sp/hard/crtend.o
LOAD d:/toolchain/bin/../lib/gcc/arm-none-eabi/7.3.1/thumb/v7e-m/fpv4-sp/hard/crtn.o

.text           0x08000000       0x90
 *(.isr_vector)
 .isr_vector    0x08000000       0x30 _build/helloWorld/startup.c.o
                0x08000000                _isr_vector
 *(.text)
 *(.text.*)
 .text.startup.main
                0x08000030        0x4 _build/helloWorld/main.c.o
                0x08000030                main
 .text.default_handler
                0x08000034        0x4 _build/helloWorld/startup.c.o
                0x08000034                NMI_Handler
                0x08000034                UsageFault_Handler
                0x08000034                default_handler
                0x08000034                MemManage_Handler
                0x08000034                SVC_Handler
                0x08000034                BusFault_Handler
                0x08000034                HardFault_Handler
 .text.Reset_Handler
                0x08000038       0x58 _build/helloWorld/startup.c.o
                0x08000038                Reset_Handler
 *(.rodata)
                0x08000090                _sidata = .

.glue_7         0x08000090        0x0
 .glue_7        0x08000090        0x0 linker stubs

.glue_7t        0x08000090        0x0
 .glue_7t       0x08000090        0x0 linker stubs

.vfp11_veneer   0x08000090        0x0
 .vfp11_veneer  0x08000090        0x0 linker stubs

.v4_bx          0x08000090        0x0
 .v4_bx         0x08000090        0x0 linker stubs

.init           0x08000090        0x4
 .init          0x08000090        0x4 d:/toolchain/bin/../lib/gcc/arm-none-eabi/7.3.1/thumb/v7e-m/fpv4-sp/hard/crti.o
                0x08000090                _init

.fini           0x08000094        0x4
 .fini          0x08000094        0x4 d:/toolchain/bin/../lib/gcc/arm-none-eabi/7.3.1/thumb/v7e-m/fpv4-sp/hard/crti.o
                0x08000094                _fini

.iplt           0x08000098        0x0
 .iplt          0x08000098        0x0 _build/helloWorld/main.c.o

.rel.dyn        0x08000098        0x0
 .rel.iplt      0x08000098        0x0 _build/helloWorld/main.c.o

.data           0x20000000        0x0 load address 0x08000090
                0x20000000                _sdata = .
 *(.data)
 *(.data.*)
                0x20000000                _edata = .

.igot.plt       0x20000000        0x0
 .igot.plt      0x20000000        0x0 _build/helloWorld/main.c.o

.bss            0x20000000        0x0
                0x20000000                _sbss = .
 *(.bss)
 *(.bss.*)
                0x20000000                _ebss = .
                0x20020000                _estack = (ORIGIN (RAM) + LENGTH (RAM))
OUTPUT(_build/helloWorld.out elf32-littlearm)

.ARM.attributes
                0x00000000       0x30
 .ARM.attributes
                0x00000000       0x22 d:/toolchain/bin/../lib/gcc/arm-none-eabi/7.3.1/thumb/v7e-m/fpv4-sp/hard/crti.o
 .ARM.attributes
                0x00000022       0x39 _build/helloWorld/main.c.o
 .ARM.attributes
                0x0000005b       0x39 _build/helloWorld/startup.c.o

.comment        0x00000000       0x7f
 .comment       0x00000000       0x7f _build/helloWorld/main.c.o
                                 0x80 (size before relaxing)
 .comment       0x0000007f       0x80 _build/helloWorld/startup.c.o

.debug_info     0x00000000      0x1f6
 .debug_info    0x00000000       0x85 _build/helloWorld/main.c.o
 .debug_info    0x00000085      0x171 _build/helloWorld/startup.c.o

.debug_abbrev   0x00000000      0x127
 .debug_abbrev  0x00000000       0x45 _build/helloWorld/main.c.o
 .debug_abbrev  0x00000045       0xe2 _build/helloWorld/startup.c.o

.debug_aranges  0x00000000       0x48
 .debug_aranges
                0x00000000       0x20 _build/helloWorld/main.c.o
 .debug_aranges
                0x00000020       0x28 _build/helloWorld/startup.c.o

.debug_ranges   0x00000000       0x28
 .debug_ranges  0x00000000       0x10 _build/helloWorld/main.c.o
 .debug_ranges  0x00000010       0x18 _build/helloWorld/startup.c.o

.debug_macro    0x00000000      0xf47
 .debug_macro   0x00000000       0x63 _build/helloWorld/main.c.o
 .debug_macro   0x00000063      0xa48 _build/helloWorld/main.c.o
 .debug_macro   0x00000aab       0x22 _build/helloWorld/main.c.o
 .debug_macro   0x00000acd       0x8e _build/helloWorld/main.c.o
 .debug_macro   0x00000b5b       0x51 _build/helloWorld/main.c.o
 .debug_macro   0x00000bac       0xef _build/helloWorld/main.c.o
 .debug_macro   0x00000c9b       0x6a _build/helloWorld/main.c.o
 .debug_macro   0x00000d05      0x1df _build/helloWorld/main.c.o
 .debug_macro   0x00000ee4       0x63 _build/helloWorld/startup.c.o

.debug_line     0x00000000      0x2aa
 .debug_line    0x00000000      0x143 _build/helloWorld/main.c.o
 .debug_line    0x00000143      0x167 _build/helloWorld/startup.c.o

.debug_str      0x00000000     0x3afa
 .debug_str     0x00000000     0x3a7f _build/helloWorld/main.c.o
                               0x3bda (size before relaxing)
 .debug_str     0x00003a7f       0x7b _build/helloWorld/startup.c.o
                               0x3c62 (size before relaxing)

.debug_frame    0x00000000       0x5c
 .debug_frame   0x00000000       0x20 _build/helloWorld/main.c.o
 .debug_frame   0x00000020       0x3c _build/helloWorld/startup.c.o

.debug_loc      0x00000000       0x7c
 .debug_loc     0x00000000       0x7c _build/helloWorld/startup.c.o
