Archive member included to satisfy reference by file (symbol)

d:/toolchain_2/bin/../lib/gcc/arm-none-eabi/10.3.1/../../../../arm-none-eabi/lib/thumb/v7e-m+fp/hard\libg_nano.a(lib_a-exit.o)
                              d:/toolchain_2/bin/../lib/gcc/arm-none-eabi/10.3.1/../../../../arm-none-eabi/lib/thumb/v7e-m+fp/hard/crt0.o (exit)
d:/toolchain_2/bin/../lib/gcc/arm-none-eabi/10.3.1/../../../../arm-none-eabi/lib/thumb/v7e-m+fp/hard\libg_nano.a(lib_a-impure.o)
                              d:/toolchain_2/bin/../lib/gcc/arm-none-eabi/10.3.1/../../../../arm-none-eabi/lib/thumb/v7e-m+fp/hard\libg_nano.a(lib_a-exit.o) (_global_impure_ptr)
d:/toolchain_2/bin/../lib/gcc/arm-none-eabi/10.3.1/../../../../arm-none-eabi/lib/thumb/v7e-m+fp/hard\libg_nano.a(lib_a-init.o)
                              d:/toolchain_2/bin/../lib/gcc/arm-none-eabi/10.3.1/../../../../arm-none-eabi/lib/thumb/v7e-m+fp/hard/crt0.o (__libc_init_array)
d:/toolchain_2/bin/../lib/gcc/arm-none-eabi/10.3.1/../../../../arm-none-eabi/lib/thumb/v7e-m+fp/hard\libg_nano.a(lib_a-memset.o)
                              d:/toolchain_2/bin/../lib/gcc/arm-none-eabi/10.3.1/../../../../arm-none-eabi/lib/thumb/v7e-m+fp/hard/crt0.o (memset)

Discarded input sections

 .text          0x00000000        0x0 d:/toolchain_2/bin/../lib/gcc/arm-none-eabi/10.3.1/thumb/v7e-m+fp/hard/crti.o
 .data          0x00000000        0x0 d:/toolchain_2/bin/../lib/gcc/arm-none-eabi/10.3.1/thumb/v7e-m+fp/hard/crti.o
 .bss           0x00000000        0x0 d:/toolchain_2/bin/../lib/gcc/arm-none-eabi/10.3.1/thumb/v7e-m+fp/hard/crti.o
 .text          0x00000000       0x40 d:/toolchain_2/bin/../lib/gcc/arm-none-eabi/10.3.1/thumb/v7e-m+fp/hard/crtbegin.o
 .data          0x00000000        0x4 d:/toolchain_2/bin/../lib/gcc/arm-none-eabi/10.3.1/thumb/v7e-m+fp/hard/crtbegin.o
 .bss           0x00000000       0x1c d:/toolchain_2/bin/../lib/gcc/arm-none-eabi/10.3.1/thumb/v7e-m+fp/hard/crtbegin.o
 .rodata        0x00000000       0x24 d:/toolchain_2/bin/../lib/gcc/arm-none-eabi/10.3.1/thumb/v7e-m+fp/hard/crtbegin.o
 .init_array    0x00000000        0x4 d:/toolchain_2/bin/../lib/gcc/arm-none-eabi/10.3.1/thumb/v7e-m+fp/hard/crtbegin.o
 .fini_array    0x00000000        0x4 d:/toolchain_2/bin/../lib/gcc/arm-none-eabi/10.3.1/thumb/v7e-m+fp/hard/crtbegin.o
 .eh_frame      0x00000000        0x0 d:/toolchain_2/bin/../lib/gcc/arm-none-eabi/10.3.1/thumb/v7e-m+fp/hard/crtbegin.o
 .ARM.attributes
                0x00000000       0x34 d:/toolchain_2/bin/../lib/gcc/arm-none-eabi/10.3.1/thumb/v7e-m+fp/hard/crtbegin.o
 .text          0x00000000       0x7c d:/toolchain_2/bin/../lib/gcc/arm-none-eabi/10.3.1/../../../../arm-none-eabi/lib/thumb/v7e-m+fp/hard/crt0.o
 .data          0x00000000        0x0 d:/toolchain_2/bin/../lib/gcc/arm-none-eabi/10.3.1/../../../../arm-none-eabi/lib/thumb/v7e-m+fp/hard/crt0.o
 .bss           0x00000000        0x0 d:/toolchain_2/bin/../lib/gcc/arm-none-eabi/10.3.1/../../../../arm-none-eabi/lib/thumb/v7e-m+fp/hard/crt0.o
 .ARM.extab     0x00000000        0x0 d:/toolchain_2/bin/../lib/gcc/arm-none-eabi/10.3.1/../../../../arm-none-eabi/lib/thumb/v7e-m+fp/hard/crt0.o
 .ARM.exidx     0x00000000       0x10 d:/toolchain_2/bin/../lib/gcc/arm-none-eabi/10.3.1/../../../../arm-none-eabi/lib/thumb/v7e-m+fp/hard/crt0.o
 .ARM.attributes
                0x00000000       0x1c d:/toolchain_2/bin/../lib/gcc/arm-none-eabi/10.3.1/../../../../arm-none-eabi/lib/thumb/v7e-m+fp/hard/crt0.o
 .group         0x00000000        0xc _build/helloworld/main.c.o
 .group         0x00000000        0xc _build/helloworld/main.c.o
 .group         0x00000000        0xc _build/helloworld/main.c.o
 .group         0x00000000        0xc _build/helloworld/main.c.o
 .group         0x00000000        0xc _build/helloworld/main.c.o
 .group         0x00000000        0xc _build/helloworld/main.c.o
 .group         0x00000000        0xc _build/helloworld/main.c.o
 .text          0x00000000        0x0 _build/helloworld/main.c.o
 .data          0x00000000        0x0 _build/helloworld/main.c.o
 .bss           0x00000000        0x0 _build/helloworld/main.c.o
 .group         0x00000000        0xc _build/helloworld/startup.c.o
 .group         0x00000000        0xc _build/helloworld/startup.c.o
 .group         0x00000000        0xc _build/helloworld/startup.c.o
 .group         0x00000000        0xc _build/helloworld/startup.c.o
 .group         0x00000000        0xc _build/helloworld/startup.c.o
 .group         0x00000000        0xc _build/helloworld/startup.c.o
 .group         0x00000000        0xc _build/helloworld/startup.c.o
 .text          0x00000000        0x0 _build/helloworld/startup.c.o
 .data          0x00000000        0x0 _build/helloworld/startup.c.o
 .bss           0x00000000        0x0 _build/helloworld/startup.c.o
 .debug_macro   0x00000000      0xa66 _build/helloworld/startup.c.o
 .debug_macro   0x00000000       0x22 _build/helloworld/startup.c.o
 .debug_macro   0x00000000       0x8e _build/helloworld/startup.c.o
 .debug_macro   0x00000000       0x51 _build/helloworld/startup.c.o
 .debug_macro   0x00000000      0x103 _build/helloworld/startup.c.o
 .debug_macro   0x00000000       0x6a _build/helloworld/startup.c.o
 .debug_macro   0x00000000      0x1df _build/helloworld/startup.c.o
 .text          0x00000000        0x0 d:/toolchain_2/bin/../lib/gcc/arm-none-eabi/10.3.1/../../../../arm-none-eabi/lib/thumb/v7e-m+fp/hard\libg_nano.a(lib_a-exit.o)
 .data          0x00000000        0x0 d:/toolchain_2/bin/../lib/gcc/arm-none-eabi/10.3.1/../../../../arm-none-eabi/lib/thumb/v7e-m+fp/hard\libg_nano.a(lib_a-exit.o)
 .bss           0x00000000        0x0 d:/toolchain_2/bin/../lib/gcc/arm-none-eabi/10.3.1/../../../../arm-none-eabi/lib/thumb/v7e-m+fp/hard\libg_nano.a(lib_a-exit.o)
 .text.exit     0x00000000       0x28 d:/toolchain_2/bin/../lib/gcc/arm-none-eabi/10.3.1/../../../../arm-none-eabi/lib/thumb/v7e-m+fp/hard\libg_nano.a(lib_a-exit.o)
 .debug_frame   0x00000000       0x28 d:/toolchain_2/bin/../lib/gcc/arm-none-eabi/10.3.1/../../../../arm-none-eabi/lib/thumb/v7e-m+fp/hard\libg_nano.a(lib_a-exit.o)
 .ARM.attributes
                0x00000000       0x34 d:/toolchain_2/bin/../lib/gcc/arm-none-eabi/10.3.1/../../../../arm-none-eabi/lib/thumb/v7e-m+fp/hard\libg_nano.a(lib_a-exit.o)
 .text          0x00000000        0x0 d:/toolchain_2/bin/../lib/gcc/arm-none-eabi/10.3.1/../../../../arm-none-eabi/lib/thumb/v7e-m+fp/hard\libg_nano.a(lib_a-impure.o)
 .data          0x00000000        0x0 d:/toolchain_2/bin/../lib/gcc/arm-none-eabi/10.3.1/../../../../arm-none-eabi/lib/thumb/v7e-m+fp/hard\libg_nano.a(lib_a-impure.o)
 .bss           0x00000000        0x0 d:/toolchain_2/bin/../lib/gcc/arm-none-eabi/10.3.1/../../../../arm-none-eabi/lib/thumb/v7e-m+fp/hard\libg_nano.a(lib_a-impure.o)
 .data._impure_ptr
                0x00000000        0x4 d:/toolchain_2/bin/../lib/gcc/arm-none-eabi/10.3.1/../../../../arm-none-eabi/lib/thumb/v7e-m+fp/hard\libg_nano.a(lib_a-impure.o)
 .data.impure_data
                0x00000000       0x60 d:/toolchain_2/bin/../lib/gcc/arm-none-eabi/10.3.1/../../../../arm-none-eabi/lib/thumb/v7e-m+fp/hard\libg_nano.a(lib_a-impure.o)
 .rodata._global_impure_ptr
                0x00000000        0x4 d:/toolchain_2/bin/../lib/gcc/arm-none-eabi/10.3.1/../../../../arm-none-eabi/lib/thumb/v7e-m+fp/hard\libg_nano.a(lib_a-impure.o)
 .ARM.attributes
                0x00000000       0x34 d:/toolchain_2/bin/../lib/gcc/arm-none-eabi/10.3.1/../../../../arm-none-eabi/lib/thumb/v7e-m+fp/hard\libg_nano.a(lib_a-impure.o)
 .text          0x00000000        0x0 d:/toolchain_2/bin/../lib/gcc/arm-none-eabi/10.3.1/../../../../arm-none-eabi/lib/thumb/v7e-m+fp/hard\libg_nano.a(lib_a-init.o)
 .data          0x00000000        0x0 d:/toolchain_2/bin/../lib/gcc/arm-none-eabi/10.3.1/../../../../arm-none-eabi/lib/thumb/v7e-m+fp/hard\libg_nano.a(lib_a-init.o)
 .bss           0x00000000        0x0 d:/toolchain_2/bin/../lib/gcc/arm-none-eabi/10.3.1/../../../../arm-none-eabi/lib/thumb/v7e-m+fp/hard\libg_nano.a(lib_a-init.o)
 .text.__libc_init_array
                0x00000000       0x48 d:/toolchain_2/bin/../lib/gcc/arm-none-eabi/10.3.1/../../../../arm-none-eabi/lib/thumb/v7e-m+fp/hard\libg_nano.a(lib_a-init.o)
 .debug_frame   0x00000000       0x2c d:/toolchain_2/bin/../lib/gcc/arm-none-eabi/10.3.1/../../../../arm-none-eabi/lib/thumb/v7e-m+fp/hard\libg_nano.a(lib_a-init.o)
 .ARM.attributes
                0x00000000       0x34 d:/toolchain_2/bin/../lib/gcc/arm-none-eabi/10.3.1/../../../../arm-none-eabi/lib/thumb/v7e-m+fp/hard\libg_nano.a(lib_a-init.o)
 .text          0x00000000        0x0 d:/toolchain_2/bin/../lib/gcc/arm-none-eabi/10.3.1/../../../../arm-none-eabi/lib/thumb/v7e-m+fp/hard\libg_nano.a(lib_a-memset.o)
 .data          0x00000000        0x0 d:/toolchain_2/bin/../lib/gcc/arm-none-eabi/10.3.1/../../../../arm-none-eabi/lib/thumb/v7e-m+fp/hard\libg_nano.a(lib_a-memset.o)
 .bss           0x00000000        0x0 d:/toolchain_2/bin/../lib/gcc/arm-none-eabi/10.3.1/../../../../arm-none-eabi/lib/thumb/v7e-m+fp/hard\libg_nano.a(lib_a-memset.o)
 .text.memset   0x00000000       0x10 d:/toolchain_2/bin/../lib/gcc/arm-none-eabi/10.3.1/../../../../arm-none-eabi/lib/thumb/v7e-m+fp/hard\libg_nano.a(lib_a-memset.o)
 .debug_frame   0x00000000       0x20 d:/toolchain_2/bin/../lib/gcc/arm-none-eabi/10.3.1/../../../../arm-none-eabi/lib/thumb/v7e-m+fp/hard\libg_nano.a(lib_a-memset.o)
 .ARM.attributes
                0x00000000       0x34 d:/toolchain_2/bin/../lib/gcc/arm-none-eabi/10.3.1/../../../../arm-none-eabi/lib/thumb/v7e-m+fp/hard\libg_nano.a(lib_a-memset.o)
 .text          0x00000000        0x0 d:/toolchain_2/bin/../lib/gcc/arm-none-eabi/10.3.1/thumb/v7e-m+fp/hard/crtend.o
 .data          0x00000000        0x0 d:/toolchain_2/bin/../lib/gcc/arm-none-eabi/10.3.1/thumb/v7e-m+fp/hard/crtend.o
 .bss           0x00000000        0x0 d:/toolchain_2/bin/../lib/gcc/arm-none-eabi/10.3.1/thumb/v7e-m+fp/hard/crtend.o
 .rodata        0x00000000       0x24 d:/toolchain_2/bin/../lib/gcc/arm-none-eabi/10.3.1/thumb/v7e-m+fp/hard/crtend.o
 .eh_frame      0x00000000        0x4 d:/toolchain_2/bin/../lib/gcc/arm-none-eabi/10.3.1/thumb/v7e-m+fp/hard/crtend.o
 .ARM.attributes
                0x00000000       0x34 d:/toolchain_2/bin/../lib/gcc/arm-none-eabi/10.3.1/thumb/v7e-m+fp/hard/crtend.o
 .text          0x00000000        0x0 d:/toolchain_2/bin/../lib/gcc/arm-none-eabi/10.3.1/thumb/v7e-m+fp/hard/crtn.o
 .data          0x00000000        0x0 d:/toolchain_2/bin/../lib/gcc/arm-none-eabi/10.3.1/thumb/v7e-m+fp/hard/crtn.o
 .bss           0x00000000        0x0 d:/toolchain_2/bin/../lib/gcc/arm-none-eabi/10.3.1/thumb/v7e-m+fp/hard/crtn.o

Memory Configuration

Name             Origin             Length             Attributes
CCMRAM           0x10000000         0x00010000         xrw
RAM              0x20000000         0x00020000         xrw
FLASH            0x08000000         0x00100000         xr
*default*        0x00000000         0xffffffff

Linker script and memory map

LOAD d:/toolchain_2/bin/../lib/gcc/arm-none-eabi/10.3.1/thumb/v7e-m+fp/hard/crti.o
LOAD d:/toolchain_2/bin/../lib/gcc/arm-none-eabi/10.3.1/thumb/v7e-m+fp/hard/crtbegin.o
LOAD d:/toolchain_2/bin/../lib/gcc/arm-none-eabi/10.3.1/../../../../arm-none-eabi/lib/thumb/v7e-m+fp/hard/crt0.o
LOAD _build/helloworld/main.c.o
LOAD _build/helloworld/startup.c.o
START GROUP
LOAD d:/toolchain_2/bin/../lib/gcc/arm-none-eabi/10.3.1/thumb/v7e-m+fp/hard\libgcc.a
LOAD d:/toolchain_2/bin/../lib/gcc/arm-none-eabi/10.3.1/../../../../arm-none-eabi/lib/thumb/v7e-m+fp/hard\libg_nano.a
LOAD d:/toolchain_2/bin/../lib/gcc/arm-none-eabi/10.3.1/../../../../arm-none-eabi/lib/thumb/v7e-m+fp/hard\libc_nano.a
END GROUP
START GROUP
LOAD d:/toolchain_2/bin/../lib/gcc/arm-none-eabi/10.3.1/thumb/v7e-m+fp/hard\libgcc.a
LOAD d:/toolchain_2/bin/../lib/gcc/arm-none-eabi/10.3.1/../../../../arm-none-eabi/lib/thumb/v7e-m+fp/hard\libc_nano.a
END GROUP
LOAD d:/toolchain_2/bin/../lib/gcc/arm-none-eabi/10.3.1/thumb/v7e-m+fp/hard/crtend.o
LOAD d:/toolchain_2/bin/../lib/gcc/arm-none-eabi/10.3.1/thumb/v7e-m+fp/hard/crtn.o
                0x20020000                _estack = (ORIGIN (RAM) + LENGTH (RAM))

.isr_vector     0x08000000       0x30
                0x08000000                . = ALIGN (0x4)
 *(.isr_vector)
 .isr_vector    0x08000000       0x30 _build/helloworld/startup.c.o
                0x08000000                _isr_vector
                0x08000030                . = ALIGN (0x4)

.text           0x08000030       0x84
                0x08000030                . = ALIGN (0x4)
 *(.text)
 *(.text*)
 .text.startup.main
                0x08000030        0x4 _build/helloworld/main.c.o
                0x08000030                main
 .text.default_handler
                0x08000034        0x4 _build/helloworld/startup.c.o
                0x08000034                NMI_Handler
                0x08000034                UsageFault_Handler
                0x08000034                default_handler
                0x08000034                MemManage_Handler
                0x08000034                SVC_Handler
                0x08000034                BusFault_Handler
                0x08000034                HardFault_Handler
 .text.Reset_Handler
                0x08000038       0x64 _build/helloworld/startup.c.o
                0x08000038                Reset_Handler
 *(.glue_7)
 .glue_7        0x0800009c        0x0 linker stubs
 *(.glue_7t)
 .glue_7t       0x0800009c        0x0 linker stubs
 *(.eh_frame)
 *(.init)
 .init          0x0800009c        0x4 d:/toolchain_2/bin/../lib/gcc/arm-none-eabi/10.3.1/thumb/v7e-m+fp/hard/crti.o
                0x0800009c                _init
 .init          0x080000a0        0x8 d:/toolchain_2/bin/../lib/gcc/arm-none-eabi/10.3.1/thumb/v7e-m+fp/hard/crtn.o
 *(.fini)
 .fini          0x080000a8        0x4 d:/toolchain_2/bin/../lib/gcc/arm-none-eabi/10.3.1/thumb/v7e-m+fp/hard/crti.o
                0x080000a8                _fini
 .fini          0x080000ac        0x8 d:/toolchain_2/bin/../lib/gcc/arm-none-eabi/10.3.1/thumb/v7e-m+fp/hard/crtn.o
                0x080000b4                . = ALIGN (0x4)
                0x080000b4                _etext = .

.vfp11_veneer   0x080000b4        0x0
 .vfp11_veneer  0x080000b4        0x0 linker stubs

.v4_bx          0x080000b4        0x0
 .v4_bx         0x080000b4        0x0 linker stubs

.iplt           0x080000b4        0x0
 .iplt          0x080000b4        0x0 _build/helloworld/startup.c.o

.rel.dyn        0x080000b4        0x0
 .rel.iplt      0x080000b4        0x0 _build/helloworld/startup.c.o

.rodata         0x080000b4        0x0
                0x080000b4                . = ALIGN (0x4)
 *(.rodata)
 *(.rodata*)
                0x080000b4                . = ALIGN (0x4)
                0x080000b4                _sidata = LOADADDR (.data)

.data           0x20000000        0x0 load address 0x080000b4
                0x20000000                . = ALIGN (0x4)
                0x20000000                _sdata = .
 *(.data)
 *(.data*)
 *(.RamFunc)
 *(.RamFunc*)
                0x20000000                . = ALIGN (0x4)
                0x20000000                _edata = .
                0x080000b4                _siccmram = LOADADDR (.ccmram)

.igot.plt       0x20000000        0x0 load address 0x080000b4
 .igot.plt      0x20000000        0x0 _build/helloworld/startup.c.o

.ccmram         0x10000000        0x0 load address 0x080000b4
                0x10000000                . = ALIGN (0x4)
                0x10000000                _sccmram = .
 *(.ccmram)
 *(.ccmram*)
                0x10000000                . = ALIGN (0x4)
                0x10000000                _eccmram = .
                0x10000000                . = ALIGN (0x4)

.bss            0x20000000        0x0
                0x20000000                _sbss = .
                0x20000000                __bss_start__ = _sbss
 *(.bss)
 *(.bss*)
 *(COMMON)
                0x20000000                . = ALIGN (0x4)
                0x20000000                _ebss = .
                0x20000000                __bss_end__ = _ebss

/DISCARD/
 libc.a(*)
 libm.a(*)
 libgcc.a(*)

.ARM.attributes
                0x00000000       0x30
 *(.ARM.attributes)
 .ARM.attributes
                0x00000000       0x1e d:/toolchain_2/bin/../lib/gcc/arm-none-eabi/10.3.1/thumb/v7e-m+fp/hard/crti.o
 .ARM.attributes
                0x0000001e       0x34 _build/helloworld/main.c.o
 .ARM.attributes
                0x00000052       0x34 _build/helloworld/startup.c.o
 .ARM.attributes
                0x00000086       0x1e d:/toolchain_2/bin/../lib/gcc/arm-none-eabi/10.3.1/thumb/v7e-m+fp/hard/crtn.o
OUTPUT(_build/helloworld.out elf32-littlearm)
LOAD linker stubs
LOAD d:/toolchain_2/bin/../lib/gcc/arm-none-eabi/10.3.1/../../../../arm-none-eabi/lib/thumb/v7e-m+fp/hard\libc.a
LOAD d:/toolchain_2/bin/../lib/gcc/arm-none-eabi/10.3.1/../../../../arm-none-eabi/lib/thumb/v7e-m+fp/hard\libm.a
LOAD d:/toolchain_2/bin/../lib/gcc/arm-none-eabi/10.3.1/thumb/v7e-m+fp/hard\libgcc.a

.debug_info     0x00000000      0x21b
 .debug_info    0x00000000       0x86 _build/helloworld/main.c.o
 .debug_info    0x00000086      0x195 _build/helloworld/startup.c.o

.debug_abbrev   0x00000000      0x152
 .debug_abbrev  0x00000000       0x47 _build/helloworld/main.c.o
 .debug_abbrev  0x00000047      0x10b _build/helloworld/startup.c.o

.debug_aranges  0x00000000       0x48
 .debug_aranges
                0x00000000       0x20 _build/helloworld/main.c.o
 .debug_aranges
                0x00000020       0x28 _build/helloworld/startup.c.o

.debug_ranges   0x00000000       0x28
 .debug_ranges  0x00000000       0x10 _build/helloworld/main.c.o
 .debug_ranges  0x00000010       0x18 _build/helloworld/startup.c.o

.debug_macro    0x00000000      0xf79
 .debug_macro   0x00000000       0x63 _build/helloworld/main.c.o
 .debug_macro   0x00000063      0xa66 _build/helloworld/main.c.o
 .debug_macro   0x00000ac9       0x22 _build/helloworld/main.c.o
 .debug_macro   0x00000aeb       0x8e _build/helloworld/main.c.o
 .debug_macro   0x00000b79       0x51 _build/helloworld/main.c.o
 .debug_macro   0x00000bca      0x103 _build/helloworld/main.c.o
 .debug_macro   0x00000ccd       0x6a _build/helloworld/main.c.o
 .debug_macro   0x00000d37      0x1df _build/helloworld/main.c.o
 .debug_macro   0x00000f16       0x63 _build/helloworld/startup.c.o

.debug_line     0x00000000      0x32a
 .debug_line    0x00000000      0x161 _build/helloworld/main.c.o
 .debug_line    0x00000161      0x1c9 _build/helloworld/startup.c.o

.debug_str      0x00000000     0x3b04
 .debug_str     0x00000000     0x3a89 _build/helloworld/main.c.o
                               0x3be4 (size before relaxing)
 .debug_str     0x00003a89       0x7b _build/helloworld/startup.c.o
                               0x3c6c (size before relaxing)

.comment        0x00000000       0x49
 .comment       0x00000000       0x49 _build/helloworld/main.c.o
                                 0x4a (size before relaxing)
 .comment       0x00000049       0x4a _build/helloworld/startup.c.o

.debug_frame    0x00000000       0x5c
 .debug_frame   0x00000000       0x20 _build/helloworld/main.c.o
 .debug_frame   0x00000020       0x3c _build/helloworld/startup.c.o

.debug_loc      0x00000000       0x59
 .debug_loc     0x00000000       0x59 _build/helloworld/startup.c.o
