14:09:12 **** Incremental Build of configuration Debug for project 001-helloWorld-semihosting ****
make -j12 all 
arm-none-eabi-gcc "../Src/main.c" -mcpu=cortex-m4 -std=gnu11 -g3 -DDEBUG -DSTM32 -DSTM32F407G_DISC1 -DSTM32F4 -DSTM32F407VGTx -c -I../Inc -O0 -ffunction-sections -fdata-sections -Wall -fstack-usage -fcyclomatic-complexity -MMD -MP -MF"Src/main.d" -MT"Src/main.o" --specs=nano.specs -mfloat-abi=soft -mthumb -o "Src/main.o"
arm-none-eabi-gcc -o "001-helloWorld-semihosting.elf" @"objects.list"   -mcpu=cortex-m4 -T"E:\stm32f407vg\course\workspaces\001-helloWorld-semihosting\STM32F407VGTX_FLASH.ld" --specs=nosys.specs -Wl,-Map="001-helloWorld-semihosting.map" -Wl,--gc-sections -static -specs=rdimon.specs -lc -lrdimon --specs=nano.specs -mfloat-abi=soft -mthumb -Wl,--start-group -lc -lm -Wl,--end-group
Finished building target: 001-helloWorld-semihosting.elf
 
arm-none-eabi-size  001-helloWorld-semihosting.elf 
arm-none-eabi-objdump -h -S 001-helloWorld-semihosting.elf  > "001-helloWorld-semihosting.list"
   text	   data	    bss	    dec	    hex	filename
   4476	    100	   2076	   6652	   19fc	001-helloWorld-semihosting.elf
Finished building: default.size.stdout
 
Finished building: 001-helloWorld-semihosting.list
 
14:09:40 **** Incremental Build of configuration Debug for project 001-helloWorld-semihosting ****
make -j12 all 
arm-none-eabi-size  001-helloWorld-semihosting.elf 
   text	   data	    bss	    dec	    hex	filename
   4476	    100	   2076	   6652	   19fc	001-helloWorld-semihosting.elf
Finished building: default.size.stdout
 
