Archive member included to satisfy reference by file (symbol)

d:/toolchain_2/bin/../lib/gcc/arm-none-eabi/10.3.1/../../../../arm-none-eabi/lib/thumb/v7e-m+fp/hard\libg_nano.a(lib_a-exit.o)
                              d:/toolchain_2/bin/../lib/gcc/arm-none-eabi/10.3.1/../../../../arm-none-eabi/lib/thumb/v7e-m+fp/hard/crt0.o (exit)
d:/toolchain_2/bin/../lib/gcc/arm-none-eabi/10.3.1/../../../../arm-none-eabi/lib/thumb/v7e-m+fp/hard\libg_nano.a(lib_a-impure.o)
                              d:/toolchain_2/bin/../lib/gcc/arm-none-eabi/10.3.1/../../../../arm-none-eabi/lib/thumb/v7e-m+fp/hard\libg_nano.a(lib_a-exit.o) (_global_impure_ptr)
d:/toolchain_2/bin/../lib/gcc/arm-none-eabi/10.3.1/../../../../arm-none-eabi/lib/thumb/v7e-m+fp/hard\libg_nano.a(lib_a-init.o)
                              d:/toolchain_2/bin/../lib/gcc/arm-none-eabi/10.3.1/../../../../arm-none-eabi/lib/thumb/v7e-m+fp/hard/crt0.o (__libc_init_array)
d:/toolchain_2/bin/../lib/gcc/arm-none-eabi/10.3.1/../../../../arm-none-eabi/lib/thumb/v7e-m+fp/hard\libg_nano.a(lib_a-memset.o)
                              d:/toolchain_2/bin/../lib/gcc/arm-none-eabi/10.3.1/../../../../arm-none-eabi/lib/thumb/v7e-m+fp/hard/crt0.o (memset)

Discarded input sections

 .text          0x00000000        0x0 d:/toolchain_2/bin/../lib/gcc/arm-none-eabi/10.3.1/thumb/v7e-m+fp/hard/crti.o
 .data          0x00000000        0x0 d:/toolchain_2/bin/../lib/gcc/arm-none-eabi/10.3.1/thumb/v7e-m+fp/hard/crti.o
 .bss           0x00000000        0x0 d:/toolchain_2/bin/../lib/gcc/arm-none-eabi/10.3.1/thumb/v7e-m+fp/hard/crti.o
 .text          0x00000000       0x40 d:/toolchain_2/bin/../lib/gcc/arm-none-eabi/10.3.1/thumb/v7e-m+fp/hard/crtbegin.o
 .data          0x00000000        0x4 d:/toolchain_2/bin/../lib/gcc/arm-none-eabi/10.3.1/thumb/v7e-m+fp/hard/crtbegin.o
 .bss           0x00000000       0x1c d:/toolchain_2/bin/../lib/gcc/arm-none-eabi/10.3.1/thumb/v7e-m+fp/hard/crtbegin.o
 .rodata        0x00000000       0x24 d:/toolchain_2/bin/../lib/gcc/arm-none-eabi/10.3.1/thumb/v7e-m+fp/hard/crtbegin.o
 .init_array    0x00000000        0x4 d:/toolchain_2/bin/../lib/gcc/arm-none-eabi/10.3.1/thumb/v7e-m+fp/hard/crtbegin.o
 .fini_array    0x00000000        0x4 d:/toolchain_2/bin/../lib/gcc/arm-none-eabi/10.3.1/thumb/v7e-m+fp/hard/crtbegin.o
 .eh_frame      0x00000000        0x0 d:/toolchain_2/bin/../lib/gcc/arm-none-eabi/10.3.1/thumb/v7e-m+fp/hard/crtbegin.o
 .ARM.attributes
                0x00000000       0x34 d:/toolchain_2/bin/../lib/gcc/arm-none-eabi/10.3.1/thumb/v7e-m+fp/hard/crtbegin.o
 .text          0x00000000       0x7c d:/toolchain_2/bin/../lib/gcc/arm-none-eabi/10.3.1/../../../../arm-none-eabi/lib/thumb/v7e-m+fp/hard/crt0.o
 .data          0x00000000        0x0 d:/toolchain_2/bin/../lib/gcc/arm-none-eabi/10.3.1/../../../../arm-none-eabi/lib/thumb/v7e-m+fp/hard/crt0.o
 .bss           0x00000000        0x0 d:/toolchain_2/bin/../lib/gcc/arm-none-eabi/10.3.1/../../../../arm-none-eabi/lib/thumb/v7e-m+fp/hard/crt0.o
 .ARM.extab     0x00000000        0x0 d:/toolchain_2/bin/../lib/gcc/arm-none-eabi/10.3.1/../../../../arm-none-eabi/lib/thumb/v7e-m+fp/hard/crt0.o
 .ARM.exidx     0x00000000       0x10 d:/toolchain_2/bin/../lib/gcc/arm-none-eabi/10.3.1/../../../../arm-none-eabi/lib/thumb/v7e-m+fp/hard/crt0.o
 .ARM.attributes
                0x00000000       0x1c d:/toolchain_2/bin/../lib/gcc/arm-none-eabi/10.3.1/../../../../arm-none-eabi/lib/thumb/v7e-m+fp/hard/crt0.o
 .group         0x00000000        0xc _build/template/main.c.o
 .group         0x00000000        0xc _build/template/main.c.o
 .group         0x00000000        0xc _build/template/main.c.o
 .group         0x00000000        0xc _build/template/main.c.o
 .group         0x00000000        0xc _build/template/main.c.o
 .group         0x00000000        0xc _build/template/main.c.o
 .group         0x00000000        0xc _build/template/main.c.o
 .group         0x00000000        0xc _build/template/main.c.o
 .group         0x00000000        0xc _build/template/main.c.o
 .group         0x00000000        0xc _build/template/main.c.o
 .group         0x00000000        0xc _build/template/main.c.o
 .group         0x00000000        0xc _build/template/main.c.o
 .group         0x00000000        0xc _build/template/main.c.o
 .group         0x00000000        0xc _build/template/main.c.o
 .group         0x00000000        0xc _build/template/main.c.o
 .group         0x00000000        0xc _build/template/main.c.o
 .group         0x00000000        0xc _build/template/main.c.o
 .group         0x00000000        0xc _build/template/main.c.o
 .group         0x00000000        0xc _build/template/main.c.o
 .group         0x00000000        0xc _build/template/main.c.o
 .group         0x00000000        0xc _build/template/main.c.o
 .group         0x00000000        0xc _build/template/main.c.o
 .group         0x00000000        0xc _build/template/main.c.o
 .group         0x00000000        0xc _build/template/main.c.o
 .group         0x00000000        0xc _build/template/main.c.o
 .group         0x00000000        0xc _build/template/main.c.o
 .group         0x00000000        0xc _build/template/main.c.o
 .group         0x00000000        0xc _build/template/main.c.o
 .group         0x00000000        0xc _build/template/main.c.o
 .group         0x00000000        0xc _build/template/main.c.o
 .group         0x00000000        0xc _build/template/main.c.o
 .group         0x00000000        0xc _build/template/main.c.o
 .group         0x00000000        0xc _build/template/main.c.o
 .text          0x00000000        0x0 _build/template/main.c.o
 .data          0x00000000        0x0 _build/template/main.c.o
 .bss           0x00000000        0x0 _build/template/main.c.o
 .text.delay    0x00000000       0x10 _build/template/main.c.o
 .group         0x00000000        0xc _build/template/template_startup.c.o
 .group         0x00000000        0xc _build/template/template_startup.c.o
 .group         0x00000000        0xc _build/template/template_startup.c.o
 .group         0x00000000        0xc _build/template/template_startup.c.o
 .group         0x00000000        0xc _build/template/template_startup.c.o
 .group         0x00000000        0xc _build/template/template_startup.c.o
 .group         0x00000000        0xc _build/template/template_startup.c.o
 .text          0x00000000        0x0 _build/template/template_startup.c.o
 .data          0x00000000        0x0 _build/template/template_startup.c.o
 .bss           0x00000000        0x0 _build/template/template_startup.c.o
 .debug_macro   0x00000000      0xa66 _build/template/template_startup.c.o
 .debug_macro   0x00000000       0x22 _build/template/template_startup.c.o
 .debug_macro   0x00000000       0x8e _build/template/template_startup.c.o
 .debug_macro   0x00000000       0x51 _build/template/template_startup.c.o
 .debug_macro   0x00000000      0x103 _build/template/template_startup.c.o
 .debug_macro   0x00000000       0x6a _build/template/template_startup.c.o
 .debug_macro   0x00000000      0x1df _build/template/template_startup.c.o
 .text          0x00000000        0x0 d:/toolchain_2/bin/../lib/gcc/arm-none-eabi/10.3.1/../../../../arm-none-eabi/lib/thumb/v7e-m+fp/hard\libg_nano.a(lib_a-exit.o)
 .data          0x00000000        0x0 d:/toolchain_2/bin/../lib/gcc/arm-none-eabi/10.3.1/../../../../arm-none-eabi/lib/thumb/v7e-m+fp/hard\libg_nano.a(lib_a-exit.o)
 .bss           0x00000000        0x0 d:/toolchain_2/bin/../lib/gcc/arm-none-eabi/10.3.1/../../../../arm-none-eabi/lib/thumb/v7e-m+fp/hard\libg_nano.a(lib_a-exit.o)
 .text.exit     0x00000000       0x28 d:/toolchain_2/bin/../lib/gcc/arm-none-eabi/10.3.1/../../../../arm-none-eabi/lib/thumb/v7e-m+fp/hard\libg_nano.a(lib_a-exit.o)
 .debug_frame   0x00000000       0x28 d:/toolchain_2/bin/../lib/gcc/arm-none-eabi/10.3.1/../../../../arm-none-eabi/lib/thumb/v7e-m+fp/hard\libg_nano.a(lib_a-exit.o)
 .ARM.attributes
                0x00000000       0x34 d:/toolchain_2/bin/../lib/gcc/arm-none-eabi/10.3.1/../../../../arm-none-eabi/lib/thumb/v7e-m+fp/hard\libg_nano.a(lib_a-exit.o)
 .text          0x00000000        0x0 d:/toolchain_2/bin/../lib/gcc/arm-none-eabi/10.3.1/../../../../arm-none-eabi/lib/thumb/v7e-m+fp/hard\libg_nano.a(lib_a-impure.o)
 .data          0x00000000        0x0 d:/toolchain_2/bin/../lib/gcc/arm-none-eabi/10.3.1/../../../../arm-none-eabi/lib/thumb/v7e-m+fp/hard\libg_nano.a(lib_a-impure.o)
 .bss           0x00000000        0x0 d:/toolchain_2/bin/../lib/gcc/arm-none-eabi/10.3.1/../../../../arm-none-eabi/lib/thumb/v7e-m+fp/hard\libg_nano.a(lib_a-impure.o)
 .data._impure_ptr
                0x00000000        0x4 d:/toolchain_2/bin/../lib/gcc/arm-none-eabi/10.3.1/../../../../arm-none-eabi/lib/thumb/v7e-m+fp/hard\libg_nano.a(lib_a-impure.o)
 .data.impure_data
                0x00000000       0x60 d:/toolchain_2/bin/../lib/gcc/arm-none-eabi/10.3.1/../../../../arm-none-eabi/lib/thumb/v7e-m+fp/hard\libg_nano.a(lib_a-impure.o)
 .rodata._global_impure_ptr
                0x00000000        0x4 d:/toolchain_2/bin/../lib/gcc/arm-none-eabi/10.3.1/../../../../arm-none-eabi/lib/thumb/v7e-m+fp/hard\libg_nano.a(lib_a-impure.o)
 .ARM.attributes
                0x00000000       0x34 d:/toolchain_2/bin/../lib/gcc/arm-none-eabi/10.3.1/../../../../arm-none-eabi/lib/thumb/v7e-m+fp/hard\libg_nano.a(lib_a-impure.o)
 .text          0x00000000        0x0 d:/toolchain_2/bin/../lib/gcc/arm-none-eabi/10.3.1/../../../../arm-none-eabi/lib/thumb/v7e-m+fp/hard\libg_nano.a(lib_a-init.o)
 .data          0x00000000        0x0 d:/toolchain_2/bin/../lib/gcc/arm-none-eabi/10.3.1/../../../../arm-none-eabi/lib/thumb/v7e-m+fp/hard\libg_nano.a(lib_a-init.o)
 .bss           0x00000000        0x0 d:/toolchain_2/bin/../lib/gcc/arm-none-eabi/10.3.1/../../../../arm-none-eabi/lib/thumb/v7e-m+fp/hard\libg_nano.a(lib_a-init.o)
 .text.__libc_init_array
                0x00000000       0x48 d:/toolchain_2/bin/../lib/gcc/arm-none-eabi/10.3.1/../../../../arm-none-eabi/lib/thumb/v7e-m+fp/hard\libg_nano.a(lib_a-init.o)
 .debug_frame   0x00000000       0x2c d:/toolchain_2/bin/../lib/gcc/arm-none-eabi/10.3.1/../../../../arm-none-eabi/lib/thumb/v7e-m+fp/hard\libg_nano.a(lib_a-init.o)
 .ARM.attributes
                0x00000000       0x34 d:/toolchain_2/bin/../lib/gcc/arm-none-eabi/10.3.1/../../../../arm-none-eabi/lib/thumb/v7e-m+fp/hard\libg_nano.a(lib_a-init.o)
 .text          0x00000000        0x0 d:/toolchain_2/bin/../lib/gcc/arm-none-eabi/10.3.1/../../../../arm-none-eabi/lib/thumb/v7e-m+fp/hard\libg_nano.a(lib_a-memset.o)
 .data          0x00000000        0x0 d:/toolchain_2/bin/../lib/gcc/arm-none-eabi/10.3.1/../../../../arm-none-eabi/lib/thumb/v7e-m+fp/hard\libg_nano.a(lib_a-memset.o)
 .bss           0x00000000        0x0 d:/toolchain_2/bin/../lib/gcc/arm-none-eabi/10.3.1/../../../../arm-none-eabi/lib/thumb/v7e-m+fp/hard\libg_nano.a(lib_a-memset.o)
 .text.memset   0x00000000       0x10 d:/toolchain_2/bin/../lib/gcc/arm-none-eabi/10.3.1/../../../../arm-none-eabi/lib/thumb/v7e-m+fp/hard\libg_nano.a(lib_a-memset.o)
 .debug_frame   0x00000000       0x20 d:/toolchain_2/bin/../lib/gcc/arm-none-eabi/10.3.1/../../../../arm-none-eabi/lib/thumb/v7e-m+fp/hard\libg_nano.a(lib_a-memset.o)
 .ARM.attributes
                0x00000000       0x34 d:/toolchain_2/bin/../lib/gcc/arm-none-eabi/10.3.1/../../../../arm-none-eabi/lib/thumb/v7e-m+fp/hard\libg_nano.a(lib_a-memset.o)
 .text          0x00000000        0x0 d:/toolchain_2/bin/../lib/gcc/arm-none-eabi/10.3.1/thumb/v7e-m+fp/hard/crtend.o
 .data          0x00000000        0x0 d:/toolchain_2/bin/../lib/gcc/arm-none-eabi/10.3.1/thumb/v7e-m+fp/hard/crtend.o
 .bss           0x00000000        0x0 d:/toolchain_2/bin/../lib/gcc/arm-none-eabi/10.3.1/thumb/v7e-m+fp/hard/crtend.o
 .rodata        0x00000000       0x24 d:/toolchain_2/bin/../lib/gcc/arm-none-eabi/10.3.1/thumb/v7e-m+fp/hard/crtend.o
 .eh_frame      0x00000000        0x4 d:/toolchain_2/bin/../lib/gcc/arm-none-eabi/10.3.1/thumb/v7e-m+fp/hard/crtend.o
 .ARM.attributes
                0x00000000       0x34 d:/toolchain_2/bin/../lib/gcc/arm-none-eabi/10.3.1/thumb/v7e-m+fp/hard/crtend.o
 .text          0x00000000        0x0 d:/toolchain_2/bin/../lib/gcc/arm-none-eabi/10.3.1/thumb/v7e-m+fp/hard/crtn.o
 .data          0x00000000        0x0 d:/toolchain_2/bin/../lib/gcc/arm-none-eabi/10.3.1/thumb/v7e-m+fp/hard/crtn.o
 .bss           0x00000000        0x0 d:/toolchain_2/bin/../lib/gcc/arm-none-eabi/10.3.1/thumb/v7e-m+fp/hard/crtn.o

Memory Configuration

Name             Origin             Length             Attributes
FLASH            0x00000000         0x000e0000         xr
RAM              0x20000000         0x00020000         xrw
*default*        0x00000000         0xffffffff

Linker script and memory map

LOAD d:/toolchain_2/bin/../lib/gcc/arm-none-eabi/10.3.1/thumb/v7e-m+fp/hard/crti.o
LOAD d:/toolchain_2/bin/../lib/gcc/arm-none-eabi/10.3.1/thumb/v7e-m+fp/hard/crtbegin.o
LOAD d:/toolchain_2/bin/../lib/gcc/arm-none-eabi/10.3.1/../../../../arm-none-eabi/lib/thumb/v7e-m+fp/hard/crt0.o
LOAD _build/template/main.c.o
LOAD _build/template/template_startup.c.o
START GROUP
LOAD d:/toolchain_2/bin/../lib/gcc/arm-none-eabi/10.3.1/thumb/v7e-m+fp/hard\libgcc.a
LOAD d:/toolchain_2/bin/../lib/gcc/arm-none-eabi/10.3.1/../../../../arm-none-eabi/lib/thumb/v7e-m+fp/hard\libg_nano.a
LOAD d:/toolchain_2/bin/../lib/gcc/arm-none-eabi/10.3.1/../../../../arm-none-eabi/lib/thumb/v7e-m+fp/hard\libc_nano.a
END GROUP
START GROUP
LOAD d:/toolchain_2/bin/../lib/gcc/arm-none-eabi/10.3.1/thumb/v7e-m+fp/hard\libgcc.a
LOAD d:/toolchain_2/bin/../lib/gcc/arm-none-eabi/10.3.1/../../../../arm-none-eabi/lib/thumb/v7e-m+fp/hard\libc_nano.a
END GROUP
LOAD d:/toolchain_2/bin/../lib/gcc/arm-none-eabi/10.3.1/thumb/v7e-m+fp/hard/crtend.o
LOAD d:/toolchain_2/bin/../lib/gcc/arm-none-eabi/10.3.1/thumb/v7e-m+fp/hard/crtn.o

.isr_vector     0x00000000       0x30
                0x00000000                . = ALIGN (0x4)
 *(.isr_vector)
 .isr_vector    0x00000000       0x30 _build/template/template_startup.c.o
                0x00000000                _isr_vector
                0x00000030                . = ALIGN (0x4)

.text           0x00000030       0x84
                0x00000030                . = ALIGN (0x4)
 *(.text)
 *(.text*)
 .text.startup.main
                0x00000030        0x4 _build/template/main.c.o
                0x00000030                main
 .text.default_handler
                0x00000034        0x4 _build/template/template_startup.c.o
                0x00000034                NMI_Handler
                0x00000034                UsageFault_Handler
                0x00000034                default_handler
                0x00000034                MemManage_Handler
                0x00000034                SVC_Handler
                0x00000034                BusFault_Handler
                0x00000034                HardFault_Handler
 .text.Reset_Handler
                0x00000038       0x64 _build/template/template_startup.c.o
                0x00000038                Reset_Handler
 *(.glue_7)
 .glue_7        0x0000009c        0x0 linker stubs
 *(.glue_7t)
 .glue_7t       0x0000009c        0x0 linker stubs
 *(.eh_frame)
 *(.init)
 .init          0x0000009c        0x4 d:/toolchain_2/bin/../lib/gcc/arm-none-eabi/10.3.1/thumb/v7e-m+fp/hard/crti.o
                0x0000009c                _init
 .init          0x000000a0        0x8 d:/toolchain_2/bin/../lib/gcc/arm-none-eabi/10.3.1/thumb/v7e-m+fp/hard/crtn.o
 *(.fini)
 .fini          0x000000a8        0x4 d:/toolchain_2/bin/../lib/gcc/arm-none-eabi/10.3.1/thumb/v7e-m+fp/hard/crti.o
                0x000000a8                _fini
 .fini          0x000000ac        0x8 d:/toolchain_2/bin/../lib/gcc/arm-none-eabi/10.3.1/thumb/v7e-m+fp/hard/crtn.o
                0x000000b4                . = ALIGN (0x4)
                0x000000b4                _etext = .

.vfp11_veneer   0x000000b4        0x0
 .vfp11_veneer  0x000000b4        0x0 linker stubs

.v4_bx          0x000000b4        0x0
 .v4_bx         0x000000b4        0x0 linker stubs

.iplt           0x000000b4        0x0
 .iplt          0x000000b4        0x0 _build/template/template_startup.c.o

.rel.dyn        0x000000b4        0x0
 .rel.iplt      0x000000b4        0x0 _build/template/template_startup.c.o

.rodata         0x000000b4        0x0
                0x000000b4                . = ALIGN (0x4)
 *(.rodata)
 *(.rodata*)
                0x000000b4                . = ALIGN (0x4)
                0x000000b4                _sidata = .

.data           0x20000000        0x0 load address 0x000000b4
                0x20000000                . = ALIGN (0x4)
                0x20000000                _sdata = .
 *(.data)
 *(.data.*)
                0x20000000                . = ALIGN (0x4)
                0x20000000                _edata = .

.igot.plt       0x20000000        0x0
 .igot.plt      0x20000000        0x0 _build/template/template_startup.c.o

.bss            0x20000000        0x0
                0x20000000                . = ALIGN (0x4)
                0x20000000                _sbss = .
 *(.bss)
 *(.bss.*)
                0x20000000                . = ALIGN (0x4)
                0x20000000                _ebss = .
                0x20020000                _estack = (ORIGIN (RAM) + LENGTH (RAM))
OUTPUT(_build/template.out elf32-littlearm)
LOAD linker stubs

.ARM.attributes
                0x00000000       0x30
 .ARM.attributes
                0x00000000       0x1e d:/toolchain_2/bin/../lib/gcc/arm-none-eabi/10.3.1/thumb/v7e-m+fp/hard/crti.o
 .ARM.attributes
                0x0000001e       0x34 _build/template/main.c.o
 .ARM.attributes
                0x00000052       0x34 _build/template/template_startup.c.o
 .ARM.attributes
                0x00000086       0x1e d:/toolchain_2/bin/../lib/gcc/arm-none-eabi/10.3.1/thumb/v7e-m+fp/hard/crtn.o

.comment        0x00000000       0x49
 .comment       0x00000000       0x49 _build/template/main.c.o
                                 0x4a (size before relaxing)
 .comment       0x00000049       0x4a _build/template/template_startup.c.o

.debug_info     0x00000000      0x27e
 .debug_info    0x00000000       0xe9 _build/template/main.c.o
 .debug_info    0x000000e9      0x195 _build/template/template_startup.c.o

.debug_abbrev   0x00000000      0x1a9
 .debug_abbrev  0x00000000       0x9e _build/template/main.c.o
 .debug_abbrev  0x0000009e      0x10b _build/template/template_startup.c.o

.debug_loc      0x00000000       0x7c
 .debug_loc     0x00000000       0x23 _build/template/main.c.o
 .debug_loc     0x00000023       0x59 _build/template/template_startup.c.o

.debug_aranges  0x00000000       0x50
 .debug_aranges
                0x00000000       0x28 _build/template/main.c.o
 .debug_aranges
                0x00000028       0x28 _build/template/template_startup.c.o

.debug_ranges   0x00000000       0x30
 .debug_ranges  0x00000000       0x18 _build/template/main.c.o
 .debug_ranges  0x00000018       0x18 _build/template/template_startup.c.o

.debug_macro    0x00000000     0x1ce0
 .debug_macro   0x00000000      0x1b8 _build/template/main.c.o
 .debug_macro   0x000001b8      0xa66 _build/template/main.c.o
 .debug_macro   0x00000c1e       0x22 _build/template/main.c.o
 .debug_macro   0x00000c40       0x8e _build/template/main.c.o
 .debug_macro   0x00000cce       0x51 _build/template/main.c.o
 .debug_macro   0x00000d1f      0x103 _build/template/main.c.o
 .debug_macro   0x00000e22       0x6a _build/template/main.c.o
 .debug_macro   0x00000e8c      0x1df _build/template/main.c.o
 .debug_macro   0x0000106b       0x64 _build/template/main.c.o
 .debug_macro   0x000010cf       0x1e _build/template/main.c.o
 .debug_macro   0x000010ed       0x35 _build/template/main.c.o
 .debug_macro   0x00001122       0x34 _build/template/main.c.o
 .debug_macro   0x00001156       0x16 _build/template/main.c.o
 .debug_macro   0x0000116c       0x97 _build/template/main.c.o
 .debug_macro   0x00001203      0x341 _build/template/main.c.o
 .debug_macro   0x00001544       0xfd _build/template/main.c.o
 .debug_macro   0x00001641       0x10 _build/template/main.c.o
 .debug_macro   0x00001651       0x16 _build/template/main.c.o
 .debug_macro   0x00001667       0x43 _build/template/main.c.o
 .debug_macro   0x000016aa       0x34 _build/template/main.c.o
 .debug_macro   0x000016de       0x10 _build/template/main.c.o
 .debug_macro   0x000016ee       0x58 _build/template/main.c.o
 .debug_macro   0x00001746      0x182 _build/template/main.c.o
 .debug_macro   0x000018c8       0x10 _build/template/main.c.o
 .debug_macro   0x000018d8       0x1c _build/template/main.c.o
 .debug_macro   0x000018f4       0x52 _build/template/main.c.o
 .debug_macro   0x00001946       0x22 _build/template/main.c.o
 .debug_macro   0x00001968       0x10 _build/template/main.c.o
 .debug_macro   0x00001978       0x52 _build/template/main.c.o
 .debug_macro   0x000019ca       0xd5 _build/template/main.c.o
 .debug_macro   0x00001a9f       0x1c _build/template/main.c.o
 .debug_macro   0x00001abb       0x3d _build/template/main.c.o
 .debug_macro   0x00001af8       0x16 _build/template/main.c.o
 .debug_macro   0x00001b0e      0x16f _build/template/main.c.o
 .debug_macro   0x00001c7d       0x63 _build/template/template_startup.c.o

.debug_line     0x00000000      0x4a9
 .debug_line    0x00000000      0x2d7 _build/template/main.c.o
 .debug_line    0x000002d7      0x1d2 _build/template/template_startup.c.o

.debug_str      0x00000000     0x75fb
 .debug_str     0x00000000     0x7582 _build/template/main.c.o
                               0x7766 (size before relaxing)
 .debug_str     0x00007582       0x79 _build/template/template_startup.c.o
                               0x3c6a (size before relaxing)

.debug_frame    0x00000000       0x6c
 .debug_frame   0x00000000       0x30 _build/template/main.c.o
 .debug_frame   0x00000030       0x3c _build/template/template_startup.c.o
